 ENG ❯ SCRUM-10 ❯  STORY ❯ ○ TO DO ❯ ◆ MEDIUM                                                                                                                 
 Assignee:   Jordan Lee              Created: 10 Mar 2025                                                                                                     
 Reporter:   —                       Updated: 20 Mar 2025                                                                                                     
                                                                                                                                                                
────────────────────────────────────────────────────────────────                                                                                                
BUILD BURNDOWN CHART WIDGET                                                                                                                                     
                                                                                                                                                                
Render a burndown chart showing ideal vs actual remaining story points per day.                                                                                 
                                                                                                                                                                
────────────────────────────────────────────────────────────────                                                                                                
󰺎 FIELDS                                                                                                                                                        
⊕ Story Points: 5                                                                                                                                               
                                                                                                                                                                
                                                                                                                                                                
                                                                                                                                                                
                                                                                                                                                                
                                                                                                                                                                
                                                                                                                                                                
                                                                                                                                                                
                                                                                                                                                                
                                                                                                                                                                
                                                                                                                                                                
                                                                                                                                                                
                                                                                                                                                                
                                                                                                                                                                
                                                                                                                                                                
                                                                                                                                                                
                                                                                                                                                                
                                                                                                                                                                
                                                                                                                                                                
                                                                                                                                                                
                                                                                                                                                                
                                                                                                                                                                
                                                                                                                                                                
                                                                                                                                                                
                                                                                                                                                                
                                                                                                                                                                
                                                                                                                                                                
                                                                                                                                                                
                                                                                                                                                                