≡ ENG ❯ ENG-102 ❯ ⊡ STORY ❯ ○ TO DO ❯ ◆ MEDIUM                                                                                                                  
──────────────────────────────────────────────────────────────────────────────────────────────────────────────────────────────────────────────────────────────  
◉ Assignee: Jordan Lee      ▣ Created:  20 Jan 2025      ⏱ Sprint:      —                                                                                       
◎ Reporter:     —           ↻ Updated:  25 Jan 2025      △ Parent:   ENG-100                                                                                    
──────────────────────────────────────────────────────────────────────────────────────────────────────────────────────────────────────────────────────────────  
# Add SSO configuration admin panel                                                                                                                             
                                                                                                                                                                
No description.                                                                                                                                                 
                                                                                                                                                                
                                                                                                                                                                
                                                                                                                                                                
                                                                                                                                                                
                                                                                                                                                                
                                                                                                                                                                
                                                                                                                                                                
                                                                                                                                                                
                                                                                                                                                                
                                                                                                                                                                
                                                                                                                                                                
                                                                                                                                                                
                                                                                                                                                                
                                                                                                                                                                
                                                                                                                                                                
                                                                                                                                                                
                                                                                                                                                                
                                                                                                                                                                
                                                                                                                                                                
                                                                                                                                                                
                                                                                                                                                                
                                                                                                                                                                