 ENG ❯ ENG-102 ❯  STORY ❯ ○ TO DO ❯ ◆ MEDIUM                                                                                                                  
 Assignee:   Jordan Lee              Created: 20 Jan 2025                                                                                                     
 Reporter:   —                       Updated: 25 Jan 2025                                                                                                     
󰄶 Parent:     ENG-100                                                                                                                                           
                                                                                                                                                                
────────────────────────────────────────────────────────────────                                                                                                
ADD SSO CONFIGURATION ADMIN PANEL                                                                                                                               
                                                                                                                                                                
No description.                                                                                                                                                 
                                                                                                                                                                
                                                                                                                                                                
                                                                                                                                                                
                                                                                                                                                                
                                                                                                                                                                
                                                                                                                                                                
                                                                                                                                                                
                                                                                                                                                                
                                                                                                                                                                
                                                                                                                                                                
                                                                                                                                                                
                                                                                                                                                                
                                                                                                                                                                
                                                                                                                                                                
                                                                                                                                                                
                                                                                                                                                                
                                                                                                                                                                
                                                                                                                                                                
                                                                                                                                                                
                                                                                                                                                                
                                                                                                                                                                