 ENG ❯ SCRUM-2 ❯  STORY ❯ ▶ IN PROGRESS ❯ ▴ HIGH                                                                                                              
 Assignee:   Alex Rivera             Created: 10 Mar 2025                                                                                                     
 Reporter:   —                       Updated: 27 Mar 2025                                                                                                     
󰄶 Parent:     SCRUM-1                                                                                                                                           
                                                                                                                                                                
────────────────────────────────────────────────────────────────                                                                                                
AUTOMATE VELOCITY CALCULATION                                                                                                                                   
                                                                                                                                                                
Calculate team velocity from the last 3 sprints.                                                                                                                
                                                                                                                                                                
────────────────────────────────────────────────────────────────                                                                                                
󰺎 FIELDS                                                                                                                                                        
⊕ Story Points: 8                                                                                                                                               
⏱ Sprint:       Sprint 42                                                                                                                                       
 Team:         Platform                                                                                                                                        
                                                                                                                                                                
                                                                                                                                                                
                                                                                                                                                                
                                                                                                                                                                
                                                                                                                                                                
                                                                                                                                                                
                                                                                                                                                                
                                                                                                                                                                
                                                                                                                                                                
                                                                                                                                                                
                                                                                                                                                                
                                                                                                                                                                
                                                                                                                                                                
                                                                                                                                                                
                                                                                                                                                                
                                                                                                                                                                
                                                                                                                                                                
                                                                                                                                                                
                                                                                                                                                                
                                                                                                                                                                
                                                                                                                                                                
                                                                                                                                                                
                                                                                                                                                                
                                                                                                                                                                
                                                                                                                                                                