 ENG ❯ ENG-500 ❯  TASK ❯ ▶ IN PROGRESS ❯ ◆ MEDIUM                                                                                                             
 Assignee:   Mike Smith              Created: 15 Mar 2025                                                                                                     
 Reporter:   —                       Updated: 20 Mar 2025                                                                                                     
                                                                                                                                                                
────────────────────────────────────────────────────────────────                                                                                                
REGULAR TASK WITHOUT CUSTOM FIELDS                                                                                                                              
                                                                                                                                                                
No description.                                                                                                                                                 
                                                                                                                                                                
                                                                                                                                                                
                                                                                                                                                                
                                                                                                                                                                
                                                                                                                                                                
                                                                                                                                                                
                                                                                                                                                                
                                                                                                                                                                
                                                                                                                                                                
                                                                                                                                                                
                                                                                                                                                                
                                                                                                                                                                
                                                                                                                                                                
                                                                                                                                                                
                                                                                                                                                                
                                                                                                                                                                
                                                                                                                                                                
                                                                                                                                                                
                                                                                                                                                                
                                                                                                                                                                
                                                                                                                                                                
                                                                                                                                                                
                                                                                                                                                                
                                                                                                                                                                
                                                                                                                                                                
                                                                                                                                                                
                                                                                                                                                                
                                                                                                                                                                
                                                                                                                                                                
                                                                                                                                                                
                                                                                                                                                                
                                                                                                                                                                