 ENG ❯ PROJ-1 ❯  EPIC ❯ ▶ IN PROGRESS ❯ ▴ HIGH                                                                                                                
 Assignee:   Dev User                Created: 01 Jan 2025                                                                                                     
 Reporter:   —                       Updated: 15 Jan 2025                                                                                                     
                                                                                                                                                                
────────────────────────────────────────────────────────────────                                                                                                
PARENT WITH MANY CHILDREN (VIM)                                                                                                                                 
                                                                                                                                                                
No description.                                                                                                                                                 
                                                                                                                                                                
────────────────────────────────────────────────────────────────                                                                                                
󰙔 CHILD ISSUES                                                                                                                                                  
  ↳ PROJ-100  ◆ Task  ○ To Do  Child task number 0 [0]                                                                                                          
  ↳ PROJ-101  ◆ Task  ○ To Do  Child task number 1 [1]                                                                                                          
  ↳ PROJ-102  ◆ Task  ○ To Do  Child task number 2 [2]                                                                                                          
  ↳ PROJ-103  ◆ Task  ○ To Do  Child task number 3 [3]                                                                                                          
  ↳ PROJ-104  ◆ Task  ○ To Do  Child task number 4 [4]                                                                                                          
  ↳ PROJ-105  ◆ Task  ○ To Do  Child task number 5 [5]                                                                                                          
  ↳ PROJ-106  ◆ Task  ○ To Do  Child task number 6 [6]                                                                                                          
  ↳ PROJ-107  ◆ Task  ○ To Do  Child task number 7 [7]                                                                                                          
  ↳ PROJ-108  ◆ Task  ○ To Do  Child task number 8 [8]                                                                                                          
  ↳ PROJ-109  ◆ Task  ○ To Do  Child task number 9 [9]                                                                                                          
  ↳ PROJ-110  ◆ Task  ○ To Do  Child task number 10 [d]                                                                                                         
  ↳ PROJ-111  ◆ Task  ○ To Do  Child task number 11 [h]                                                                                                         
                                                                                                                                                                
                                                                                                                                                                
                                                                                                                                                                
                                                                                                                                                                
                                                                                                                                                                
                                                                                                                                                                
                                                                                                                                                                
                                                                                                                                                                
                                                                                                                                                                
                                                                                                                                                                
                                                                                                                                                                
                                                                                                                                                                
                                                                                                                                                                
                                                                                                                                                                
                                                                                                                                                                
                                                                                                                                                                
                                                                                                                                                                
                                                                                                                                                                
                                                                                                                                                                
                                                                                                                                                                
                                                                                                                                                                
                                                                                                                                                                
                                                                                                                                                                
                                                                                                                                                                
                                                                                                                                                                
                                                                                                                                                                
                                                                                                                                                                
                                                                                                                                                                
                                                                                                                                                                
                                                                                                                                                                
                                                                                                                                                                
                                                                                                                                                                
                                                                                                                                                                
                                                                                                                                                                
                                                                                                                                                                
                                                                                                                                                                
                                                                                                                                                                