╭──────────────────────────────────────────────────────────────────────────────╮
│                                                                              │
│  Comment: ENG-100                                                            │
│                                                                              │
│  ┃ Type your comment...                                                      │
│  ┃                                                                           │
│  ┃                                                                           │
│  ┃                                                                           │
│  ┃                                                                           │
│  ┃                                                                           │
│  ┃                                                                           │
│  ┃                                                                           │
│  ┃                                                                           │
│  ┃                                                                           │
│  ┃                                                                           │
│  ┃                                                                           │
│  ┃                                                                           │
│  ┃                                                                           │
│  ┃                                                                           │
│                                                                              │
│  Alt+Enter Submit • Esc Cancel                                               │
│                                                                              │
╰──────────────────────────────────────────────────────────────────────────────╯