╭──────────────────────────────────────────────────────────────────────────────╮
│                                                                              │
│  LLM Extract: ENG-100                                                        │
│                                                                              │
│  ┃ Describe the sub-tasks to extract...                                      │
│  ┃                                                                           │
│  ┃                                                                           │
│  ┃                                                                           │
│  ┃                                                                           │
│  ┃                                                                           │
│  ┃                                                                           │
│  ┃                                                                           │
│  ┃                                                                           │
│  ┃                                                                           │
│  ┃                                                                           │
│  ┃                                                                           │
│  ┃                                                                           │
│  ┃                                                                           │
│  ┃                                                                           │
│                                                                              │
│  Alt+Enter Submit • Esc Cancel                                               │
│                                                                              │
╰──────────────────────────────────────────────────────────────────────────────╯