╭──────────────────────────────────────────────────────────────────────────────╮
│                                                                              │
│  Switch Filter                                                               │
│                                                                              │
│  ▸ 1 My Issues                                                               │
│    2 Current Sprint                                                          │
│    3 Unassigned                                                              │
│    4 Recently Updated                                                        │
│                                                                              │
│  ↑↓ Navigate • Enter Confirm • Esc Cancel                                    │
│                                                                              │
╰──────────────────────────────────────────────────────────────────────────────╯